// Jest Snapshot v1, https://goo.gl/fbAQLP

exports[`should render EditExpensePage correctly. 1`] = `
<div
  className="row"
>
  <div
    className="col-md-6"
  >
    <ExpenseForm
      expense={
        Object {
          "amount": 15000,
          "createdAt": -345600000,
          "description": "House Rent",
          "id": 2,
          "note": "",
        }
      }
      onSubmit={[Function]}
    />
  </div>
  <div
    className="col-md-2 offset-md-2 mt-4"
  >
    <button
      className="btn btn-outline-danger btn-lg btn-block"
      onClick={[Function]}
    >
      Remove
    </button>
  </div>
</div>
`;
