// Jest Snapshot v1, https://goo.gl/fbAQLP

exports[`should render ExpenseList with expenses 1`] = `
<div>
  <div
    className="row mt-4"
  >
    <ExpenseListItem
      amount={1200}
      createdAt={0}
      description="Gas Bill"
      id={1}
      key="1"
      note=""
    />
    <ExpenseListItem
      amount={15000}
      createdAt={-345600000}
      description="House Rent"
      id={2}
      key="2"
      note=""
    />
    <ExpenseListItem
      amount={800}
      createdAt={345600000}
      description="Rent"
      id={3}
      key="3"
      note=""
    />
  </div>
</div>
`;

exports[`should render ExpenseList with no expenses 1`] = `
<div>
  <div
    className="row mt-4"
  >
    <div
      className="col-sm-6 mb-4"
    >
      <h4>
        No expenses
      </h4>
    </div>
  </div>
</div>
`;
