// Jest Snapshot v1, https://goo.gl/fbAQLP

exports[`Should render ExpenseCreatePage correctly. 1`] = `
<div
  className="row"
>
  <div
    className="col-md-6"
  >
    <ExpenseForm
      onSubmit={[Function]}
    />
  </div>
</div>
`;
