// Jest Snapshot v1, https://goo.gl/fbAQLP

exports[`should render Header correctly 1`] = `
<nav
  className="navbar navbar-expand-lg navbar-dark bg-dark"
>
  <div
    className="container"
  >
    <NavLink
      activeClassName="active"
      ariaCurrent="true"
      className="navbar-brand"
      to="/"
    >
      Expensify
    </NavLink>
    <button
      aria-controls="navbarSupportedContent"
      aria-expanded="false"
      aria-label="Toggle navigation"
      className="navbar-toggler"
      data-target="#navbarSupportedContent"
      data-toggle="collapse"
      type="button"
    >
      <span
        className="navbar-toggler-icon"
      />
    </button>
    <div
      className="collapse navbar-collapse"
      id="navbarSupportedContent"
    >
      <ul
        className="navbar-nav mr-auto"
      >
        <li
          className="nav-item "
          onClick={[Function]}
        >
          <NavLink
            activeClassName="no-class"
            ariaCurrent="true"
            className="nav-link"
            to="/dashboard"
          >
            Home 
          </NavLink>
        </li>
        <li
          className="nav-item "
          onClick={[Function]}
        >
          <NavLink
            activeClassName="no-class"
            ariaCurrent="true"
            className="nav-link"
            to="/create"
          >
            Create 
          </NavLink>
        </li>
        <li
          className="nav-item "
          onClick={[Function]}
        >
          <NavLink
            activeClassName="no-class"
            ariaCurrent="true"
            className="nav-link"
            to="/about"
          >
            About 
          </NavLink>
        </li>
      </ul>
      <a
        className="btn btn-outline-light btn-sm ml-2"
        href="https://ikram-ud-daula-indecision-app.herokuapp.com/"
      >
        Indecision App
      </a>
      <a
        className="btn btn-outline-light btn-sm ml-2"
        href="https://ikram-ud-daula-angularjs.herokuapp.com/"
        target="_blank"
      >
        Angular App
      </a>
      <button
        className="btn btn-outline-danger btn-sm ml-2"
      >
        Logout
      </button>
    </div>
  </div>
</nav>
`;
